   1              		.syntax unified
   2              		.cpu cortex-m4
   3              		.eabi_attribute 27, 3
   4              		.eabi_attribute 28, 1
   5              		.fpu fpv4-sp-d16
   6              		.eabi_attribute 20, 1
   7              		.eabi_attribute 21, 1
   8              		.eabi_attribute 23, 3
   9              		.eabi_attribute 24, 1
  10              		.eabi_attribute 25, 1
  11              		.eabi_attribute 26, 1
  12              		.eabi_attribute 30, 2
  13              		.eabi_attribute 34, 1
  14              		.eabi_attribute 18, 4
  15              		.thumb
  16              		.file	"main.c"
  17              		.text
  18              	.Ltext0:
  19              		.cfi_sections	.debug_frame
  20              		.section	.text.startup.main,"ax",%progbits
  21              		.align	2
  22              		.p2align 4,,15
  23              		.global	main
  24              		.thumb
  25              		.thumb_func
  27              	main:
  28              	.LFB112:
  29              		.file 1 "main.c"
   1:main.c        **** #include "main.h"
   2:main.c        **** #include <stdlib.h>
   3:main.c        **** #include <stm32f4xx_i2c.h>
   4:main.c        **** #include <stdio.h>
   5:main.c        **** 
   6:main.c        **** #include "stm32f429i_discovery_sdram.h"
   7:main.c        **** #include "stm32f429i_discovery_lcd.h"
   8:main.c        **** #include "stm32f429i_discovery_ioe.h"
   9:main.c        **** 
  10:main.c        **** #include "libs/mcugui/circle.h"
  11:main.c        **** #include "libs/mcugui/text.h"
  12:main.c        **** #include "libs/armmath.h"
  13:main.c        **** 
  14:main.c        **** 
  15:main.c        **** int main(void){
  30              		.loc 1 15 0
  31              		.cfi_startproc
  32              		@ args = 0, pretend = 0, frame = 32
  33              		@ frame_needed = 0, uses_anonymous_args = 0
  34 0000 10B5     		push	{r4, lr}
  35              	.LCFI0:
  36              		.cfi_def_cfa_offset 8
  37              		.cfi_offset 4, -8
  38              		.cfi_offset 14, -4
  16:main.c        **** 
  17:main.c        **** 	RCC_AHB1PeriphClockCmd(LED3_GPIO_CLK, ENABLE);
  39              		.loc 1 17 0
  40 0002 4020     		movs	r0, #64
  15:main.c        **** int main(void){
  41              		.loc 1 15 0
  42 0004 88B0     		sub	sp, sp, #32
  43              	.LCFI1:
  44              		.cfi_def_cfa_offset 40
  45              		.loc 1 17 0
  46 0006 0121     		movs	r1, #1
  47 0008 FFF7FEFF 		bl	RCC_AHB1PeriphClockCmd
  48              	.LVL0:
  18:main.c        **** 	RCC_AHB1PeriphClockCmd(LED3_GPIO_CLK, ENABLE);
  49              		.loc 1 18 0
  50 000c 4020     		movs	r0, #64
  51 000e 0121     		movs	r1, #1
  52 0010 FFF7FEFF 		bl	RCC_AHB1PeriphClockCmd
  53              	.LVL1:
  19:main.c        **** 
  20:main.c        **** 	GPIO_InitTypeDef  GPIO_InitStructure;
  21:main.c        **** 	GPIO_InitStructure.GPIO_Pin = LED3_PIN;
  54              		.loc 1 21 0
  55 0014 4FF40052 		mov	r2, #8192
  22:main.c        **** 	GPIO_InitStructure.GPIO_Mode = GPIO_Mode_OUT;
  23:main.c        **** 	GPIO_InitStructure.GPIO_OType = GPIO_OType_PP;
  24:main.c        **** 	GPIO_InitStructure.GPIO_Speed = GPIO_Speed_100MHz;
  25:main.c        **** 	GPIO_InitStructure.GPIO_PuPd = GPIO_PuPd_NOPULL;
  26:main.c        **** 	GPIO_Init(LED3_GPIO_PORT, &GPIO_InitStructure);
  56              		.loc 1 26 0
  57 0018 4FF4C050 		mov	r0, #6144
  23:main.c        **** 	GPIO_InitStructure.GPIO_OType = GPIO_OType_PP;
  58              		.loc 1 23 0
  59 001c 0023     		movs	r3, #0
  60              		.loc 1 26 0
  61 001e C4F20200 		movt	r0, 16386
  62 0022 01A9     		add	r1, sp, #4
  21:main.c        **** 	GPIO_InitStructure.GPIO_Pin = LED3_PIN;
  63              		.loc 1 21 0
  64 0024 0192     		str	r2, [sp, #4]
  22:main.c        **** 	GPIO_InitStructure.GPIO_Mode = GPIO_Mode_OUT;
  65              		.loc 1 22 0
  66 0026 0124     		movs	r4, #1
  24:main.c        **** 	GPIO_InitStructure.GPIO_Speed = GPIO_Speed_100MHz;
  67              		.loc 1 24 0
  68 0028 0322     		movs	r2, #3
  22:main.c        **** 	GPIO_InitStructure.GPIO_Mode = GPIO_Mode_OUT;
  69              		.loc 1 22 0
  70 002a 8DF80840 		strb	r4, [sp, #8]
  23:main.c        **** 	GPIO_InitStructure.GPIO_OType = GPIO_OType_PP;
  71              		.loc 1 23 0
  72 002e 8DF80A30 		strb	r3, [sp, #10]
  24:main.c        **** 	GPIO_InitStructure.GPIO_Speed = GPIO_Speed_100MHz;
  73              		.loc 1 24 0
  74 0032 8DF80920 		strb	r2, [sp, #9]
  25:main.c        **** 	GPIO_InitStructure.GPIO_PuPd = GPIO_PuPd_NOPULL;
  75              		.loc 1 25 0
  76 0036 8DF80B30 		strb	r3, [sp, #11]
  77              		.loc 1 26 0
  78 003a FFF7FEFF 		bl	GPIO_Init
  79              	.LVL2:
  27:main.c        **** 
  28:main.c        **** 	GPIO_InitStructure.GPIO_Pin = LED4_PIN;
  29:main.c        **** 	GPIO_Init(LED3_GPIO_PORT, &GPIO_InitStructure);
  80              		.loc 1 29 0
  81 003e 4FF4C050 		mov	r0, #6144
  82 0042 C4F20200 		movt	r0, 16386
  83 0046 01A9     		add	r1, sp, #4
  28:main.c        **** 	GPIO_InitStructure.GPIO_Pin = LED4_PIN;
  84              		.loc 1 28 0
  85 0048 4FF48043 		mov	r3, #16384
  86 004c 0193     		str	r3, [sp, #4]
  87              		.loc 1 29 0
  88 004e FFF7FEFF 		bl	GPIO_Init
  89              	.LVL3:
  90 0052 9DF80100 		ldrb	r0, [sp, #1]	@ zero_extendqisi2
  91 0056 9DF80210 		ldrb	r1, [sp, #2]	@ zero_extendqisi2
  92 005a 41EA0024 		orr	r4, r1, r0, lsl #8
  93              	.L2:
  30:main.c        **** 
  31:main.c        **** 
  32:main.c        **** 
  33:main.c        **** 
  34:main.c        **** 	
  35:main.c        **** 	char received_data[3];
  36:main.c        **** 	
  37:main.c        **** 	received_data[0] = 45; //just to see if the read fucntion from I2C changes this value (mens debug 
  38:main.c        **** 
  39:main.c        **** 
  40:main.c        **** 	char buffer2[20];
  41:main.c        **** 
  42:main.c        **** 
  43:main.c        **** 	
  44:main.c        **** 		//TM_I2C_Write(I2C1,SLAVE_ADDRESS,0x00,0x52);
  45:main.c        **** 
  46:main.c        **** 
  47:main.c        **** 
  48:main.c        **** while(1){
  49:main.c        **** 	
  50:main.c        **** 
  51:main.c        **** 
  52:main.c        **** 	//sprintf(buffer2,"0x01:%d 0x02:%d 0x03:%d distance:%d \r\n",received_data[0], received_data[1], r
  53:main.c        **** 	sprintf(buffer2,"%d:distance\r\n", received_data[1]<<8|received_data[2]);
  94              		.loc 1 53 0
  95 005e 03A8     		add	r0, sp, #12
  96 0060 0249     		ldr	r1, .L4
  97 0062 2246     		mov	r2, r4
  98 0064 FFF7FEFF 		bl	sprintf
  99              	.LVL4:
 100 0068 F9E7     		b	.L2
 101              	.L5:
 102 006a 00BF     		.align	2
 103              	.L4:
 104 006c 00000000 		.word	.LC0
 105              		.cfi_endproc
 106              	.LFE112:
 108              		.section	.rodata.str1.4,"aMS",%progbits,1
 109              		.align	2
 110              	.LC0:
 111 0000 25643A64 		.ascii	"%d:distance\015\012\000"
 111      69737461 
 111      6E63650D 
 111      0A00
 112 000e 0000     		.text
 113              	.Letext0:
 114              		.file 2 "/home/pedro/gcc-arm-none-eabi-4_7-2013q3/bin/../lib/gcc/arm-none-eabi/4.7.4/include/stdin
 115              		.file 3 "core/stm32f4xx.h"
 116              		.file 4 "STM32F4xx_StdPeriph_Driver/inc/stm32f4xx_gpio.h"
 117              		.file 5 "STM32F4xx_StdPeriph_Driver/inc/stm32f4xx_rcc.h"
 118              		.file 6 "/home/pedro/gcc-arm-none-eabi-4_7-2013q3/bin/../lib/gcc/arm-none-eabi/4.7.4/../../../../a
 119              		.file 7 "core/core_cm4.h"
DEFINED SYMBOLS
                            *ABS*:00000000 main.c
     /tmp/ccNytp7H.s:21     .text.startup.main:00000000 $t
     /tmp/ccNytp7H.s:27     .text.startup.main:00000000 main
     /tmp/ccNytp7H.s:104    .text.startup.main:0000006c $d
     /tmp/ccNytp7H.s:109    .rodata.str1.4:00000000 $d
                     .debug_frame:00000010 $d

UNDEFINED SYMBOLS
RCC_AHB1PeriphClockCmd
GPIO_Init
sprintf
